// Vitest Snapshot v1, https://vitest.dev/guide/snapshot.html

exports[`navbar > renders navbar 1`] = `
<div>
  <header>
    <div
      class="banner"
    >
      <p>
        free shipping on all orders $150+
      </p>
    </div>
    <nav>
      <div
        class="header"
      >
        <a
          href="/"
        >
          <h1>
            basic basics
          </h1>
        </a>
        <ul
          class="icons"
        >
          <li>
            <a>
              <img
                alt=""
                src="/search-outline.svg"
              />
            </a>
          </li>
          <li>
            <a>
              <img
                alt=""
                src="/person-outline.svg"
              />
            </a>
          </li>
          <li>
            <a
              href="/cart"
            >
              <img
                alt=""
                src="/cart-outline.svg"
              />
            </a>
          </li>
        </ul>
      </div>
      <ul
        class="shop"
      >
        <li>
          <a
            href="/collections/all-products"
          >
            Shop All
          </a>
        </li>
        <li>
          <a
            href="/collections/women"
          >
            Women
          </a>
        </li>
        <li>
          <a
            href="/collections/men"
          >
            Men
          </a>
        </li>
        <li>
          <a
            href="/collections/accessories"
          >
            Accessories
          </a>
        </li>
        <li>
          <a
            href="/collections/shoes"
          >
            Shoes
          </a>
        </li>
      </ul>
    </nav>
  </header>
</div>
`;
